---
source: crates/engine/tests/oracle_parser.rs
expression: result
---
{
  "abilities": [
    {
      "kind": "Activated",
      "effect": {
        "type": "Mana",
        "produced": {
          "type": "Fixed",
          "colors": [
            "White"
          ]
        }
      },
      "cost": {
        "type": "Tap"
      },
      "sub_ability": null,
      "duration": null,
      "description": "{T}: Add {W}.",
      "target_prompt": null,
      "condition": null,
      "optional_targeting": false,
      "optional": false,
      "forward_result": false
    }
  ],
  "triggers": [],
  "statics": [],
  "replacements": [],
  "extractedKeywords": []
}
